Traceback (most recent call last):
  File "D:\codeagent-os---multi-tenant-ai-coding-infrastructure\backend\venv\Lib\site-packages\sqlalchemy\connectors\asyncio.py", line 376, in create
    connection = await connection_awaitable
                 ^^^^^^^^^^^^^^^^^^^^^^^^^^
  File "D:\codeagent-os---multi-tenant-ai-coding-infrastructure\backend\venv\Lib\site-packages\asyncpg\connection.py", line 2443, in connect
    return await connect_utils._connect(
           ^^^^^^^^^^^^^^^^^^^^^^^^^^^^^
    ...<22 lines>...
    )
    ^
  File "D:\codeagent-os---multi-tenant-ai-coding-infrastructure\backend\venv\Lib\site-packages\asyncpg\connect_utils.py", line 1218, in _connect
    conn = await _connect_addr(
           ^^^^^^^^^^^^^^^^^^^^
    ...<6 lines>...
    )
    ^
  File "D:\codeagent-os---multi-tenant-ai-coding-infrastructure\backend\venv\Lib\site-packages\asyncpg\connect_utils.py", line 1054, in _connect_addr
    return await __connect_addr(params, True, *args)
           ^^^^^^^^^^^^^^^^^^^^^^^^^^^^^^^^^^^^^^^^^
  File "D:\codeagent-os---multi-tenant-ai-coding-infrastructure\backend\venv\Lib\site-packages\asyncpg\connect_utils.py", line 1102, in __connect_addr
    await connected
asyncpg.exceptions.CannotConnectNowError: the database system is in recovery mode

The above exception was the direct cause of the following exception:

Traceback (most recent call last):
  File "D:\codeagent-os---multi-tenant-ai-coding-infrastructure\backend\venv\Lib\site-packages\sqlalchemy\engine\base.py", line 149, in __init__
    self._dbapi_connection = engine.raw_connection()
                             ~~~~~~~~~~~~~~~~~~~~~^^
  File "D:\codeagent-os---multi-tenant-ai-coding-infrastructure\backend\venv\Lib\site-packages\sqlalchemy\engine\base.py", line 3284, in raw_connection
    return self.pool.connect()
           ~~~~~~~~~~~~~~~~~^^
  File "D:\codeagent-os---multi-tenant-ai-coding-infrastructure\backend\venv\Lib\site-packages\sqlalchemy\pool\base.py", line 445, in connect
    return _ConnectionFairy._checkout(self)
           ~~~~~~~~~~~~~~~~~~~~~~~~~~^^^^^^
  File "D:\codeagent-os---multi-tenant-ai-coding-infrastructure\backend\venv\Lib\site-packages\sqlalchemy\pool\base.py", line 1287, in _checkout
    fairy = _ConnectionRecord.checkout(pool)
  File "D:\codeagent-os---multi-tenant-ai-coding-infrastructure\backend\venv\Lib\site-packages\sqlalchemy\pool\base.py", line 709, in checkout
    rec = pool._do_get()
  File "D:\codeagent-os---multi-tenant-ai-coding-infrastructure\backend\venv\Lib\site-packages\sqlalchemy\pool\impl.py", line 176, in _do_get
    with util.safe_reraise():
         ~~~~~~~~~~~~~~~~~^^
  File "D:\codeagent-os---multi-tenant-ai-coding-infrastructure\backend\venv\Lib\site-packages\sqlalchemy\util\langhelpers.py", line 166, in __exit__
    raise exc_value.with_traceback(exc_tb)
  File "D:\codeagent-os---multi-tenant-ai-coding-infrastructure\backend\venv\Lib\site-packages\sqlalchemy\pool\impl.py", line 174, in _do_get
    return self._create_connection()
           ~~~~~~~~~~~~~~~~~~~~~~~^^
  File "D:\codeagent-os---multi-tenant-ai-coding-infrastructure\backend\venv\Lib\site-packages\sqlalchemy\pool\base.py", line 386, in _create_connection
    return _ConnectionRecord(self)
  File "D:\codeagent-os---multi-tenant-ai-coding-infrastructure\backend\venv\Lib\site-packages\sqlalchemy\pool\base.py", line 671, in __init__
    self.__connect()
    ~~~~~~~~~~~~~~^^
  File "D:\codeagent-os---multi-tenant-ai-coding-infrastructure\backend\venv\Lib\site-packages\sqlalchemy\pool\base.py", line 895, in __connect
    with util.safe_reraise():
         ~~~~~~~~~~~~~~~~~^^
  File "D:\codeagent-os---multi-tenant-ai-coding-infrastructure\backend\venv\Lib\site-packages\sqlalchemy\util\langhelpers.py", line 166, in __exit__
    raise exc_value.with_traceback(exc_tb)
  File "D:\codeagent-os---multi-tenant-ai-coding-infrastructure\backend\venv\Lib\site-packages\sqlalchemy\pool\base.py", line 891, in __connect
    self.dbapi_connection = connection = pool._invoke_creator(self)
                                         ~~~~~~~~~~~~~~~~~~~~^^^^^^
  File "D:\codeagent-os---multi-tenant-ai-coding-infrastructure\backend\venv\Lib\site-packages\sqlalchemy\engine\create.py", line 645, in connect
    return dialect.connect(*cargs_tup, **cparams)
           ~~~~~~~~~~~~~~~^^^^^^^^^^^^^^^^^^^^^^^
  File "D:\codeagent-os---multi-tenant-ai-coding-infrastructure\backend\venv\Lib\site-packages\sqlalchemy\engine\default.py", line 857, in connect
    return self.loaded_dbapi.connect(*cargs, **cparams)  # type: ignore[no-any-return]  # NOQA: E501
           ~~~~~~~~~~~~~~~~~~~~~~~~~^^^^^^^^^^^^^^^^^^^
  File "D:\codeagent-os---multi-tenant-ai-coding-infrastructure\backend\venv\Lib\site-packages\sqlalchemy\dialects\postgresql\asyncpg.py", line 963, in connect
    return await_(
        AsyncAdapt_asyncpg_connection.create(
    ...<4 lines>...
        )
    )
  File "D:\codeagent-os---multi-tenant-ai-coding-infrastructure\backend\venv\Lib\site-packages\sqlalchemy\util\concurrency.py", line 167, in await_
    return current.parent.switch(awaitable)  # type: ignore[no-any-return]
           ~~~~~~~~~~~~~~~~~~~~~^^^^^^^^^^^
  File "D:\codeagent-os---multi-tenant-ai-coding-infrastructure\backend\venv\Lib\site-packages\sqlalchemy\util\concurrency.py", line 205, in greenlet_spawn
    value = await result
            ^^^^^^^^^^^^
  File "D:\codeagent-os---multi-tenant-ai-coding-infrastructure\backend\venv\Lib\site-packages\sqlalchemy\connectors\asyncio.py", line 378, in create
    cls._handle_exception_no_connection(dbapi, error)
    ~~~~~~~~~~~~~~~~~~~~~~~~~~~~~~~~~~~^^^^^^^^^^^^^^
  File "D:\codeagent-os---multi-tenant-ai-coding-infrastructure\backend\venv\Lib\site-packages\sqlalchemy\dialects\postgresql\asyncpg.py", line 840, in _handle_exception_no_connection
    raise translated_error from error
sqlalchemy.dialects.postgresql.asyncpg.AsyncAdapt_asyncpg_dbapi.Error: the database system is in recovery mode

The above exception was the direct cause of the following exception:

Traceback (most recent call last):
  File "D:\codeagent-os---multi-tenant-ai-coding-infrastructure\backend\venv\Lib\site-packages\starlette\middleware\errors.py", line 164, in __call__
    await self.app(scope, receive, _send)
  File "D:\codeagent-os---multi-tenant-ai-coding-infrastructure\backend\venv\Lib\site-packages\fastapi\telemetry\_asgi.py", line 151, in __call__
    await self.app(scope, receive, send)
  File "D:\codeagent-os---multi-tenant-ai-coding-infrastructure\backend\venv\Lib\site-packages\starlette\middleware\cors.py", line 91, in __call__
    await self.simple_response(scope, receive, send, request_headers=headers)
  File "D:\codeagent-os---multi-tenant-ai-coding-infrastructure\backend\venv\Lib\site-packages\starlette\middleware\cors.py", line 149, in simple_response
    await self.app(scope, receive, send)
  File "D:\codeagent-os---multi-tenant-ai-coding-infrastructure\backend\venv\Lib\site-packages\starlette\middleware\exceptions.py", line 63, in __call__
    await wrap_app_handling_exceptions(self.app, conn)(scope, receive, send)
  File "D:\codeagent-os---multi-tenant-ai-coding-infrastructure\backend\venv\Lib\site-packages\starlette\_exception_handler.py", line 53, in wrapped_app
    raise exc
  File "D:\codeagent-os---multi-tenant-ai-coding-infrastructure\backend\venv\Lib\site-packages\starlette\_exception_handler.py", line 42, in wrapped_app
    await app(scope, receive, sender)
  File "D:\codeagent-os---multi-tenant-ai-coding-infrastructure\backend\venv\Lib\site-packages\fastapi\middleware\asyncexitstack.py", line 18, in __call__
    await self.app(scope, receive, send)
  File "D:\codeagent-os---multi-tenant-ai-coding-infrastructure\backend\venv\Lib\site-packages\starlette\routing.py", line 676, in __call__
    await self.middleware_stack(scope, receive, send)
  File "D:\codeagent-os---multi-tenant-ai-coding-infrastructure\backend\venv\Lib\site-packages\fastapi\routing.py", line 2786, in app
    await route.handle(scope, receive, send)
  File "D:\codeagent-os---multi-tenant-ai-coding-infrastructure\backend\venv\Lib\site-packages\fastapi\routing.py", line 1817, in handle
    await self.original_router.handle(scope, receive, send)
  File "D:\codeagent-os---multi-tenant-ai-coding-infrastructure\backend\venv\Lib\site-packages\fastapi\routing.py", line 2869, in handle
    await included_router._handle_selected(scope, receive, send)
  File "D:\codeagent-os---multi-tenant-ai-coding-infrastructure\backend\venv\Lib\site-packages\fastapi\routing.py", line 1843, in _handle_selected
    await original_route.handle(scope, receive, send)
  File "D:\codeagent-os---multi-tenant-ai-coding-infrastructure\backend\venv\Lib\site-packages\fastapi\routing.py", line 1308, in handle
    await effective_context.app(scope, receive, send)
  File "D:\codeagent-os---multi-tenant-ai-coding-infrastructure\backend\venv\Lib\site-packages\fastapi\routing.py", line 165, in app
    await wrap_app_handling_exceptions(app, request)(scope, receive, send)
  File "D:\codeagent-os---multi-tenant-ai-coding-infrastructure\backend\venv\Lib\site-packages\starlette\_exception_handler.py", line 53, in wrapped_app
    raise exc
  File "D:\codeagent-os---multi-tenant-ai-coding-infrastructure\backend\venv\Lib\site-packages\starlette\_exception_handler.py", line 42, in wrapped_app
    await app(scope, receive, sender)
  File "D:\codeagent-os---multi-tenant-ai-coding-infrastructure\backend\venv\Lib\site-packages\fastapi\routing.py", line 151, in app
    response = await f(request)
               ^^^^^^^^^^^^^^^^
  File "D:\codeagent-os---multi-tenant-ai-coding-infrastructure\backend\venv\Lib\site-packages\fastapi\routing.py", line 499, in app
    solved_result = await solve_dependencies(
                    ^^^^^^^^^^^^^^^^^^^^^^^^^
    ...<6 lines>...
    )
    ^
  File "D:\codeagent-os---multi-tenant-ai-coding-infrastructure\backend\venv\Lib\site-packages\fastapi\dependencies\utils.py", line 674, in solve_dependencies
    solved = await call(**solved_result.values)
             ^^^^^^^^^^^^^^^^^^^^^^^^^^^^^^^^^^
  File "D:\codeagent-os---multi-tenant-ai-coding-infrastructure\backend\app\api\auth.py", line 32, in get_current_user
    result = await db.execute(select(User).where(User.id == user_id_int))
             ^^^^^^^^^^^^^^^^^^^^^^^^^^^^^^^^^^^^^^^^^^^^^^^^^^^^^^^^^^^^
  File "D:\codeagent-os---multi-tenant-ai-coding-infrastructure\backend\venv\Lib\site-packages\sqlalchemy\ext\asyncio\session.py", line 651, in execute
    result = await greenlet_spawn(
             ^^^^^^^^^^^^^^^^^^^^^
    ...<6 lines>...
    )
    ^
  File "D:\codeagent-os---multi-tenant-ai-coding-infrastructure\backend\venv\Lib\site-packages\sqlalchemy\util\concurrency.py", line 210, in greenlet_spawn
    result = context.throw(*sys.exc_info())
  File "D:\codeagent-os---multi-tenant-ai-coding-infrastructure\backend\venv\Lib\site-packages\sqlalchemy\orm\session.py", line 2473, in execute
    return self._execute_internal(
           ~~~~~~~~~~~~~~~~~~~~~~^
        statement,
        ^^^^^^^^^^
    ...<4 lines>...
        _add_event=_add_event,
        ^^^^^^^^^^^^^^^^^^^^^^
    )
    ^
  File "D:\codeagent-os---multi-tenant-ai-coding-infrastructure\backend\venv\Lib\site-packages\sqlalchemy\orm\session.py", line 2350, in _execute_internal
    conn = self._connection_for_bind(bind)
  File "D:\codeagent-os---multi-tenant-ai-coding-infrastructure\backend\venv\Lib\site-packages\sqlalchemy\orm\session.py", line 2173, in _connection_for_bind
    return trans._connection_for_bind(engine, execution_options)
           ~~~~~~~~~~~~~~~~~~~~~~~~~~^^^^^^^^^^^^^^^^^^^^^^^^^^^
  File "<sqlalchemy generated _go() wrapper for sqlalchemy.orm.session.SessionTransaction._connection_for_bind>", line 2, in _connection_for_bind
    return target(fn, self, bind, execution_options)
  File "D:\codeagent-os---multi-tenant-ai-coding-infrastructure\backend\venv\Lib\site-packages\sqlalchemy\orm\state_changes.py", line 137, in _go
    ret_value = fn(self, *arg, **kw)
  File "D:\codeagent-os---multi-tenant-ai-coding-infrastructure\backend\venv\Lib\site-packages\sqlalchemy\orm\session.py", line 1203, in _connection_for_bind
    conn = bind.connect()
  File "D:\codeagent-os---multi-tenant-ai-coding-infrastructure\backend\venv\Lib\site-packages\sqlalchemy\engine\base.py", line 3260, in connect
    return self._connection_cls(self)
           ~~~~~~~~~~~~~~~~~~~~^^^^^^
  File "D:\codeagent-os---multi-tenant-ai-coding-infrastructure\backend\venv\Lib\site-packages\sqlalchemy\engine\base.py", line 151, in __init__
    Connection._handle_dbapi_exception_noconnection(
    ~~~~~~~~~~~~~~~~~~~~~~~~~~~~~~~~~~~~~~~~~~~~~~~^
        err, dialect, engine
        ^^^^^^^^^^^^^^^^^^^^
    )
    ^
  File "D:\codeagent-os---multi-tenant-ai-coding-infrastructure\backend\venv\Lib\site-packages\sqlalchemy\engine\base.py", line 2417, in _handle_dbapi_exception_noconnection
    raise sqlalchemy_exception.with_traceback(exc_info[2]) from e
  File "D:\codeagent-os---multi-tenant-ai-coding-infrastructure\backend\venv\Lib\site-packages\sqlalchemy\engine\base.py", line 149, in __init__
    self._dbapi_connection = engine.raw_connection()
                             ~~~~~~~~~~~~~~~~~~~~~^^
  File "D:\codeagent-os---multi-tenant-ai-coding-infrastructure\backend\venv\Lib\site-packages\sqlalchemy\engine\base.py", line 3284, in raw_connection
    return self.pool.connect()
           ~~~~~~~~~~~~~~~~~^^
  File "D:\codeagent-os---multi-tenant-ai-coding-infrastructure\backend\venv\Lib\site-packages\sqlalchemy\pool\base.py", line 445, in connect
    return _ConnectionFairy._checkout(self)
           ~~~~~~~~~~~~~~~~~~~~~~~~~~^^^^^^
  File "D:\codeagent-os---multi-tenant-ai-coding-infrastructure\backend\venv\Lib\site-packages\sqlalchemy\pool\base.py", line 1287, in _checkout
    fairy = _ConnectionRecord.checkout(pool)
  File "D:\codeagent-os---multi-tenant-ai-coding-infrastructure\backend\venv\Lib\site-packages\sqlalchemy\pool\base.py", line 709, in checkout
    rec = pool._do_get()
  File "D:\codeagent-os---multi-tenant-ai-coding-infrastructure\backend\venv\Lib\site-packages\sqlalchemy\pool\impl.py", line 176, in _do_get
    with util.safe_reraise():
         ~~~~~~~~~~~~~~~~~^^
  File "D:\codeagent-os---multi-tenant-ai-coding-infrastructure\backend\venv\Lib\site-packages\sqlalchemy\util\langhelpers.py", line 166, in __exit__
    raise exc_value.with_traceback(exc_tb)
  File "D:\codeagent-os---multi-tenant-ai-coding-infrastructure\backend\venv\Lib\site-packages\sqlalchemy\pool\impl.py", line 174, in _do_get
    return self._create_connection()
           ~~~~~~~~~~~~~~~~~~~~~~~^^
  File "D:\codeagent-os---multi-tenant-ai-coding-infrastructure\backend\venv\Lib\site-packages\sqlalchemy\pool\base.py", line 386, in _create_connection
    return _ConnectionRecord(self)
  File "D:\codeagent-os---multi-tenant-ai-coding-infrastructure\backend\venv\Lib\site-packages\sqlalchemy\pool\base.py", line 671, in __init__
    self.__connect()
    ~~~~~~~~~~~~~~^^
  File "D:\codeagent-os---multi-tenant-ai-coding-infrastructure\backend\venv\Lib\site-packages\sqlalchemy\pool\base.py", line 895, in __connect
    with util.safe_reraise():
         ~~~~~~~~~~~~~~~~~^^
  File "D:\codeagent-os---multi-tenant-ai-coding-infrastructure\backend\venv\Lib\site-packages\sqlalchemy\util\langhelpers.py", line 166, in __exit__
    raise exc_value.with_traceback(exc_tb)
  File "D:\codeagent-os---multi-tenant-ai-coding-infrastructure\backend\venv\Lib\site-packages\sqlalchemy\pool\base.py", line 891, in __connect
    self.dbapi_connection = connection = pool._invoke_creator(self)
                                         ~~~~~~~~~~~~~~~~~~~~^^^^^^
  File "D:\codeagent-os---multi-tenant-ai-coding-infrastructure\backend\venv\Lib\site-packages\sqlalchemy\engine\create.py", line 645, in connect
    return dialect.connect(*cargs_tup, **cparams)
           ~~~~~~~~~~~~~~~^^^^^^^^^^^^^^^^^^^^^^^
  File "D:\codeagent-os---multi-tenant-ai-coding-infrastructure\backend\venv\Lib\site-packages\sqlalchemy\engine\default.py", line 857, in connect
    return self.loaded_dbapi.connect(*cargs, **cparams)  # type: ignore[no-any-return]  # NOQA: E501
           ~~~~~~~~~~~~~~~~~~~~~~~~~^^^^^^^^^^^^^^^^^^^
  File "D:\codeagent-os---multi-tenant-ai-coding-infrastructure\backend\venv\Lib\site-packages\sqlalchemy\dialects\postgresql\asyncpg.py", line 963, in connect
    return await_(
        AsyncAdapt_asyncpg_connection.create(
    ...<4 lines>...
        )
    )
  File "D:\codeagent-os---multi-tenant-ai-coding-infrastructure\backend\venv\Lib\site-packages\sqlalchemy\util\concurrency.py", line 167, in await_
    return current.parent.switch(awaitable)  # type: ignore[no-any-return]
           ~~~~~~~~~~~~~~~~~~~~~^^^^^^^^^^^
  File "D:\codeagent-os---multi-tenant-ai-coding-infrastructure\backend\venv\Lib\site-packages\sqlalchemy\util\concurrency.py", line 205, in greenlet_spawn
    value = await result
            ^^^^^^^^^^^^
  File "D:\codeagent-os---multi-tenant-ai-coding-infrastructure\backend\venv\Lib\site-packages\sqlalchemy\connectors\asyncio.py", line 378, in create
    cls._handle_exception_no_connection(dbapi, error)
    ~~~~~~~~~~~~~~~~~~~~~~~~~~~~~~~~~~~^^^^^^^^^^^^^^
  File "D:\codeagent-os---multi-tenant-ai-coding-infrastructure\backend\venv\Lib\site-packages\sqlalchemy\dialects\postgresql\asyncpg.py", line 840, in _handle_exception_no_connection
    raise translated_error from error
sqlalchemy.exc.DBAPIError: (sqlalchemy.dialects.postgresql.asyncpg.Error) the database system is in recovery mode
(Background on this error at: https://sqlalche.me/e/21/dbapi)
