Jira API Error 410: {"errorMessages":["The requested API has been removed. Please migrate to the /rest/api/3/search/jql API. A full migration guideline is available at https://developer.atlassian.com/changelog/#CHANGE-2046"],"errors":{}}
Jira API Error 410: {"errorMessages":["The requested API has been removed. Please migrate to the /rest/api/3/search/jql API. A full migration guideline is available at https://developer.atlassian.com/changelog/#CHANGE-2046"],"errors":{}}
Jira API Error 410: {"errorMessages":["The requested API has been removed. Please migrate to the /rest/api/3/search/jql API. A full migration guideline is available at https://developer.atlassian.com/changelog/#CHANGE-2046"],"errors":{}}
Jira API Error 410: {"errorMessages":["The requested API has been removed. Please migrate to the /rest/api/3/search/jql API. A full migration guideline is available at https://developer.atlassian.com/changelog/#CHANGE-2046"],"errors":{}}
Jira API Success - items: 3, total: 3, raw: {'issues': [{'expand': 'renderedFields,names,schema,operations,editmeta,changelog,versionedRepresentations', 'id': '10001', 'self': 'https://paramjitkaurrooprai3237.atlassian.net/rest/api/3/issue/1000
Jira API Success - items: 2, total: 2, raw: {'issues': [{'expand': 'renderedFields,names,schema,operations,editmeta,changelog,versionedRepresentations', 'id': '10001', 'self': 'https://paramjitkaurrooprai3237.atlassian.net/rest/api/3/issue/1000
Jira API Success - items: 2, total: 2, raw: {'issues': [{'expand': 'renderedFields,names,schema,operations,editmeta,changelog,versionedRepresentations', 'id': '10001', 'self': 'https://paramjitkaurrooprai3237.atlassian.net/rest/api/3/issue/1000
Jira API Success - items: 2, total: 2, raw: {'issues': [{'expand': 'renderedFields,names,schema,operations,editmeta,changelog,versionedRepresentations', 'id': '10001', 'self': 'https://paramjitkaurrooprai3237.atlassian.net/rest/api/3/issue/1000
Jira API Success - items: 2, total: 2, raw: {'issues': [{'expand': 'renderedFields,names,schema,operations,editmeta,changelog,versionedRepresentations', 'id': '10001', 'self': 'https://paramjitkaurrooprai3237.atlassian.net/rest/api/3/issue/1000
Jira API Success - items: 3, total: 3, raw: {'issues': [{'expand': 'renderedFields,names,schema,operations,editmeta,changelog,versionedRepresentations', 'id': '10001', 'self': 'https://paramjitkaurrooprai3237.atlassian.net/rest/api/3/issue/1000
Jira API Success - items: 2, total: 2, raw: {'issues': [{'expand': 'renderedFields,names,schema,operations,editmeta,changelog,versionedRepresentations', 'id': '10001', 'self': 'https://paramjitkaurrooprai3237.atlassian.net/rest/api/3/issue/1000
Jira API Success - items: 2, total: 2, raw: {'issues': [{'expand': 'renderedFields,names,schema,operations,editmeta,changelog,versionedRepresentations', 'id': '10001', 'self': 'https://paramjitkaurrooprai3237.atlassian.net/rest/api/3/issue/1000
Jira API Success - items: 3, total: 3, raw: {'issues': [{'expand': 'renderedFields,names,schema,operations,editmeta,changelog,versionedRepresentations', 'id': '10001', 'self': 'https://paramjitkaurrooprai3237.atlassian.net/rest/api/3/issue/1000
Jira API Success - items: 2, total: 2, raw: {'issues': [{'expand': 'renderedFields,names,schema,operations,editmeta,changelog,versionedRepresentations', 'id': '10001', 'self': 'https://paramjitkaurrooprai3237.atlassian.net/rest/api/3/issue/1000
Jira API Success - items: 3, total: 3, raw: {'issues': [{'expand': 'renderedFields,names,schema,operations,editmeta,changelog,versionedRepresentations', 'id': '10001', 'self': 'https://paramjitkaurrooprai3237.atlassian.net/rest/api/3/issue/1000
Jira API Success - items: 2, total: 2, raw: {'issues': [{'expand': 'renderedFields,names,schema,operations,editmeta,changelog,versionedRepresentations', 'id': '10001', 'self': 'https://paramjitkaurrooprai3237.atlassian.net/rest/api/3/issue/1000
Jira API Success - items: 2, total: 2, raw: {'issues': [{'expand': 'renderedFields,names,schema,operations,editmeta,changelog,versionedRepresentations', 'id': '10001', 'self': 'https://paramjitkaurrooprai3237.atlassian.net/rest/api/3/issue/1000
Jira API Success - items: 2, total: 2, raw: {'issues': [{'expand': 'renderedFields,names,schema,operations,editmeta,changelog,versionedRepresentations', 'id': '10001', 'self': 'https://paramjitkaurrooprai3237.atlassian.net/rest/api/3/issue/1000
Jira API Success - items: 2, total: 2, raw: {'issues': [{'expand': 'renderedFields,names,schema,operations,editmeta,changelog,versionedRepresentations', 'id': '10001', 'self': 'https://paramjitkaurrooprai3237.atlassian.net/rest/api/3/issue/1000
Jira API Success - items: 2, total: 2, raw: {'issues': [{'expand': 'renderedFields,names,schema,operations,editmeta,changelog,versionedRepresentations', 'id': '10001', 'self': 'https://paramjitkaurrooprai3237.atlassian.net/rest/api/3/issue/1000
Jira API Success - items: 3, total: 3, raw: {'issues': [{'expand': 'renderedFields,names,schema,operations,editmeta,changelog,versionedRepresentations', 'id': '10001', 'self': 'https://paramjitkaurrooprai3237.atlassian.net/rest/api/3/issue/1000
Jira API Success - items: 2, total: 2, raw: {'issues': [{'expand': 'renderedFields,names,schema,operations,editmeta,changelog,versionedRepresentations', 'id': '10001', 'self': 'https://paramjitkaurrooprai3237.atlassian.net/rest/api/3/issue/1000
Jira API Success - items: 2, total: 2, raw: {'issues': [{'expand': 'renderedFields,names,schema,operations,editmeta,changelog,versionedRepresentations', 'id': '10001', 'self': 'https://paramjitkaurrooprai3237.atlassian.net/rest/api/3/issue/1000
Jira API Success - items: 3, total: 3, raw: {'issues': [{'expand': 'renderedFields,names,schema,operations,editmeta,changelog,versionedRepresentations', 'id': '10001', 'self': 'https://paramjitkaurrooprai3237.atlassian.net/rest/api/3/issue/1000
Jira API Success - items: 2, total: 2, raw: {'issues': [{'expand': 'renderedFields,names,schema,operations,editmeta,changelog,versionedRepresentations', 'id': '10001', 'self': 'https://paramjitkaurrooprai3237.atlassian.net/rest/api/3/issue/1000
Jira API Success - items: 3, total: 3, raw: {'issues': [{'expand': 'renderedFields,names,schema,operations,editmeta,changelog,versionedRepresentations', 'id': '10001', 'self': 'https://paramjitkaurrooprai3237.atlassian.net/rest/api/3/issue/1000
Jira API Success - items: 2, total: 2, raw: {'issues': [{'expand': 'renderedFields,names,schema,operations,editmeta,changelog,versionedRepresentations', 'id': '10001', 'self': 'https://paramjitkaurrooprai3237.atlassian.net/rest/api/3/issue/1000
Jira API Success - items: 3, total: 3, raw: {'issues': [{'expand': 'renderedFields,names,schema,operations,editmeta,changelog,versionedRepresentations', 'id': '10001', 'self': 'https://paramjitkaurrooprai3237.atlassian.net/rest/api/3/issue/1000
Jira API Success - items: 2, total: 2, raw: {'issues': [{'expand': 'renderedFields,names,schema,operations,editmeta,changelog,versionedRepresentations', 'id': '10001', 'self': 'https://paramjitkaurrooprai3237.atlassian.net/rest/api/3/issue/1000
Jira API Success - items: 2, total: 2, raw: {'issues': [{'expand': 'renderedFields,names,schema,operations,editmeta,changelog,versionedRepresentations', 'id': '10001', 'self': 'https://paramjitkaurrooprai3237.atlassian.net/rest/api/3/issue/1000
Jira API Success - items: 2, total: 2, raw: {'issues': [{'expand': 'renderedFields,names,schema,operations,editmeta,changelog,versionedRepresentations', 'id': '10001', 'self': 'https://paramjitkaurrooprai3237.atlassian.net/rest/api/3/issue/1000
Jira API Success - items: 2, total: 2, raw: {'issues': [{'expand': 'renderedFields,names,schema,operations,editmeta,changelog,versionedRepresentations', 'id': '10001', 'self': 'https://paramjitkaurrooprai3237.atlassian.net/rest/api/3/issue/1000
Jira API Success - items: 3, total: 3, raw: {'issues': [{'expand': 'renderedFields,names,schema,operations,editmeta,changelog,versionedRepresentations', 'id': '10001', 'self': 'https://paramjitkaurrooprai3237.atlassian.net/rest/api/3/issue/1000
Jira API Success - items: 2, total: 2, raw: {'issues': [{'expand': 'renderedFields,names,schema,operations,editmeta,changelog,versionedRepresentations', 'id': '10001', 'self': 'https://paramjitkaurrooprai3237.atlassian.net/rest/api/3/issue/1000
Jira API Success - items: 2, total: 2, raw: {'issues': [{'expand': 'renderedFields,names,schema,operations,editmeta,changelog,versionedRepresentations', 'id': '10001', 'self': 'https://paramjitkaurrooprai3237.atlassian.net/rest/api/3/issue/1000
Jira API Success - items: 3, total: 3, raw: {'issues': [{'expand': 'renderedFields,names,schema,operations,editmeta,changelog,versionedRepresentations', 'id': '10001', 'self': 'https://paramjitkaurrooprai3237.atlassian.net/rest/api/3/issue/1000
Jira API Success - items: 2, total: 2, raw: {'issues': [{'expand': 'renderedFields,names,schema,operations,editmeta,changelog,versionedRepresentations', 'id': '10001', 'self': 'https://paramjitkaurrooprai3237.atlassian.net/rest/api/3/issue/1000
Jira API Success - items: 3, total: 3, raw: {'issues': [{'expand': 'renderedFields,names,schema,operations,editmeta,changelog,versionedRepresentations', 'id': '10001', 'self': 'https://paramjitkaurrooprai3237.atlassian.net/rest/api/3/issue/1000
Jira API Success - items: 2, total: 2, raw: {'issues': [{'expand': 'renderedFields,names,schema,operations,editmeta,changelog,versionedRepresentations', 'id': '10001', 'self': 'https://paramjitkaurrooprai3237.atlassian.net/rest/api/3/issue/1000
Jira API Success - items: 2, total: 2, raw: {'issues': [{'expand': 'renderedFields,names,schema,operations,editmeta,changelog,versionedRepresentations', 'id': '10001', 'self': 'https://paramjitkaurrooprai3237.atlassian.net/rest/api/3/issue/1000
Jira API Success - items: 3, total: 3, raw: {'issues': [{'expand': 'renderedFields,names,schema,operations,editmeta,changelog,versionedRepresentations', 'id': '10001', 'self': 'https://paramjitkaurrooprai3237.atlassian.net/rest/api/3/issue/1000
Jira API Success - items: 2, total: 2, raw: {'issues': [{'expand': 'renderedFields,names,schema,operations,editmeta,changelog,versionedRepresentations', 'id': '10001', 'self': 'https://paramjitkaurrooprai3237.atlassian.net/rest/api/3/issue/1000
Jira API Success - items: 2, total: 2, raw: {'issues': [{'expand': 'renderedFields,names,schema,operations,editmeta,changelog,versionedRepresentations', 'id': '10001', 'self': 'https://paramjitkaurrooprai3237.atlassian.net/rest/api/3/issue/1000
Jira API Success - items: 2, total: 2, raw: {'issues': [{'expand': 'renderedFields,names,schema,operations,editmeta,changelog,versionedRepresentations', 'id': '10001', 'self': 'https://paramjitkaurrooprai3237.atlassian.net/rest/api/3/issue/1000
Jira API Success - items: 3, total: 3, raw: {'issues': [{'expand': 'renderedFields,names,schema,operations,editmeta,changelog,versionedRepresentations', 'id': '10001', 'self': 'https://paramjitkaurrooprai3237.atlassian.net/rest/api/3/issue/1000
Jira API Success - items: 2, total: 2, raw: {'issues': [{'expand': 'renderedFields,names,schema,operations,editmeta,changelog,versionedRepresentations', 'id': '10001', 'self': 'https://paramjitkaurrooprai3237.atlassian.net/rest/api/3/issue/1000
Jira API Success - items: 2, total: 2, raw: {'issues': [{'expand': 'renderedFields,names,schema,operations,editmeta,changelog,versionedRepresentations', 'id': '10001', 'self': 'https://paramjitkaurrooprai3237.atlassian.net/rest/api/3/issue/1000
Jira API Success - items: 3, total: 3, raw: {'issues': [{'expand': 'renderedFields,names,schema,operations,editmeta,changelog,versionedRepresentations', 'id': '10001', 'self': 'https://paramjitkaurrooprai3237.atlassian.net/rest/api/3/issue/1000
Jira API Success - items: 2, total: 2, raw: {'issues': [{'expand': 'renderedFields,names,schema,operations,editmeta,changelog,versionedRepresentations', 'id': '10001', 'self': 'https://paramjitkaurrooprai3237.atlassian.net/rest/api/3/issue/1000
Jira API Success - items: 2, total: 2, raw: {'issues': [{'expand': 'renderedFields,names,schema,operations,editmeta,changelog,versionedRepresentations', 'id': '10001', 'self': 'https://paramjitkaurrooprai3237.atlassian.net/rest/api/3/issue/1000
Jira API Success - items: 2, total: 2, raw: {'issues': [{'expand': 'renderedFields,names,schema,operations,editmeta,changelog,versionedRepresentations', 'id': '10001', 'self': 'https://paramjitkaurrooprai3237.atlassian.net/rest/api/3/issue/1000
Jira API Success - items: 2, total: 2, raw: {'issues': [{'expand': 'renderedFields,names,schema,operations,editmeta,changelog,versionedRepresentations', 'id': '10001', 'self': 'https://paramjitkaurrooprai3237.atlassian.net/rest/api/3/issue/1000
Jira API Success - items: 2, total: 2, raw: {'issues': [{'expand': 'renderedFields,names,schema,operations,editmeta,changelog,versionedRepresentations', 'id': '10001', 'self': 'https://paramjitkaurrooprai3237.atlassian.net/rest/api/3/issue/1000
Jira API Success - items: 3, total: 3, raw: {'issues': [{'expand': 'renderedFields,names,schema,operations,editmeta,changelog,versionedRepresentations', 'id': '10001', 'self': 'https://paramjitkaurrooprai3237.atlassian.net/rest/api/3/issue/1000
Jira API Success - items: 2, total: 2, raw: {'issues': [{'expand': 'renderedFields,names,schema,operations,editmeta,changelog,versionedRepresentations', 'id': '10001', 'self': 'https://paramjitkaurrooprai3237.atlassian.net/rest/api/3/issue/1000
Jira API Success - items: 3, total: 3, raw: {'issues': [{'expand': 'renderedFields,names,schema,operations,editmeta,changelog,versionedRepresentations', 'id': '10001', 'self': 'https://paramjitkaurrooprai3237.atlassian.net/rest/api/3/issue/1000
Jira API Success - items: 2, total: 2, raw: {'issues': [{'expand': 'renderedFields,names,schema,operations,editmeta,changelog,versionedRepresentations', 'id': '10001', 'self': 'https://paramjitkaurrooprai3237.atlassian.net/rest/api/3/issue/1000
Jira API Success - items: 3, total: 3, raw: {'issues': [{'expand': 'renderedFields,names,schema,operations,editmeta,changelog,versionedRepresentations', 'id': '10001', 'self': 'https://paramjitkaurrooprai3237.atlassian.net/rest/api/3/issue/1000
Jira API Success - items: 2, total: 2, raw: {'issues': [{'expand': 'renderedFields,names,schema,operations,editmeta,changelog,versionedRepresentations', 'id': '10001', 'self': 'https://paramjitkaurrooprai3237.atlassian.net/rest/api/3/issue/1000
Jira API Success - items: 1, total: 1, raw: {'issues': [{'expand': 'renderedFields,names,schema,operations,editmeta,changelog,versionedRepresentations', 'id': '10004', 'self': 'https://paramjitkaurrooprai3237.atlassian.net/rest/api/3/issue/1000
Jira API Success - items: 3, total: 3, raw: {'issues': [{'expand': 'renderedFields,names,schema,operations,editmeta,changelog,versionedRepresentations', 'id': '10001', 'self': 'https://paramjitkaurrooprai3237.atlassian.net/rest/api/3/issue/1000
Jira API Success - items: 2, total: 2, raw: {'issues': [{'expand': 'renderedFields,names,schema,operations,editmeta,changelog,versionedRepresentations', 'id': '10001', 'self': 'https://paramjitkaurrooprai3237.atlassian.net/rest/api/3/issue/1000
Jira API Success - items: 3, total: 3, raw: {'issues': [{'expand': 'renderedFields,names,schema,operations,editmeta,changelog,versionedRepresentations', 'id': '10001', 'self': 'https://paramjitkaurrooprai3237.atlassian.net/rest/api/3/issue/1000
Jira API Success - items: 2, total: 2, raw: {'issues': [{'expand': 'renderedFields,names,schema,operations,editmeta,changelog,versionedRepresentations', 'id': '10001', 'self': 'https://paramjitkaurrooprai3237.atlassian.net/rest/api/3/issue/1000
Jira API Success - items: 2, total: 2, raw: {'issues': [{'expand': 'renderedFields,names,schema,operations,editmeta,changelog,versionedRepresentations', 'id': '10001', 'self': 'https://paramjitkaurrooprai3237.atlassian.net/rest/api/3/issue/1000
Jira API Success - items: 2, total: 2, raw: {'issues': [{'expand': 'renderedFields,names,schema,operations,editmeta,changelog,versionedRepresentations', 'id': '10001', 'self': 'https://paramjitkaurrooprai3237.atlassian.net/rest/api/3/issue/1000
Jira API Success - items: 3, total: 3, raw: {'issues': [{'expand': 'renderedFields,names,schema,operations,editmeta,changelog,versionedRepresentations', 'id': '10001', 'self': 'https://paramjitkaurrooprai3237.atlassian.net/rest/api/3/issue/1000
Jira API Success - items: 2, total: 2, raw: {'issues': [{'expand': 'renderedFields,names,schema,operations,editmeta,changelog,versionedRepresentations', 'id': '10001', 'self': 'https://paramjitkaurrooprai3237.atlassian.net/rest/api/3/issue/1000
Jira API Success - items: 3, total: 3, raw: {'issues': [{'expand': 'renderedFields,names,schema,operations,editmeta,changelog,versionedRepresentations', 'id': '10001', 'self': 'https://paramjitkaurrooprai3237.atlassian.net/rest/api/3/issue/1000
Jira API Success - items: 2, total: 2, raw: {'issues': [{'expand': 'renderedFields,names,schema,operations,editmeta,changelog,versionedRepresentations', 'id': '10001', 'self': 'https://paramjitkaurrooprai3237.atlassian.net/rest/api/3/issue/1000
Jira API Success - items: 3, total: 3, raw: {'issues': [{'expand': 'renderedFields,names,schema,operations,editmeta,changelog,versionedRepresentations', 'id': '10001', 'self': 'https://paramjitkaurrooprai3237.atlassian.net/rest/api/3/issue/1000
Jira API Success - items: 2, total: 2, raw: {'issues': [{'expand': 'renderedFields,names,schema,operations,editmeta,changelog,versionedRepresentations', 'id': '10001', 'self': 'https://paramjitkaurrooprai3237.atlassian.net/rest/api/3/issue/1000
Jira API Success - items: 2, total: 2, raw: {'issues': [{'expand': 'renderedFields,names,schema,operations,editmeta,changelog,versionedRepresentations', 'id': '10001', 'self': 'https://paramjitkaurrooprai3237.atlassian.net/rest/api/3/issue/1000
Jira API Success - items: 2, total: 2, raw: {'issues': [{'expand': 'renderedFields,names,schema,operations,editmeta,changelog,versionedRepresentations', 'id': '10001', 'self': 'https://paramjitkaurrooprai3237.atlassian.net/rest/api/3/issue/1000
Jira API Success - items: 3, total: 3, raw: {'issues': [{'expand': 'renderedFields,names,schema,operations,editmeta,changelog,versionedRepresentations', 'id': '10001', 'self': 'https://paramjitkaurrooprai3237.atlassian.net/rest/api/3/issue/1000
Jira API Success - items: 2, total: 2, raw: {'issues': [{'expand': 'renderedFields,names,schema,operations,editmeta,changelog,versionedRepresentations', 'id': '10001', 'self': 'https://paramjitkaurrooprai3237.atlassian.net/rest/api/3/issue/1000
Jira API Success - items: 3, total: 3, raw: {'issues': [{'expand': 'renderedFields,names,schema,operations,editmeta,changelog,versionedRepresentations', 'id': '10001', 'self': 'https://paramjitkaurrooprai3237.atlassian.net/rest/api/3/issue/1000
Jira API Success - items: 2, total: 2, raw: {'issues': [{'expand': 'renderedFields,names,schema,operations,editmeta,changelog,versionedRepresentations', 'id': '10001', 'self': 'https://paramjitkaurrooprai3237.atlassian.net/rest/api/3/issue/1000
Jira API Success - items: 3, total: 3, raw: {'issues': [{'expand': 'renderedFields,names,schema,operations,editmeta,changelog,versionedRepresentations', 'id': '10001', 'self': 'https://paramjitkaurrooprai3237.atlassian.net/rest/api/3/issue/1000
Jira API Success - items: 2, total: 2, raw: {'issues': [{'expand': 'renderedFields,names,schema,operations,editmeta,changelog,versionedRepresentations', 'id': '10001', 'self': 'https://paramjitkaurrooprai3237.atlassian.net/rest/api/3/issue/1000
Jira API Success - items: 3, total: 3, raw: {'issues': [{'expand': 'renderedFields,names,schema,operations,editmeta,changelog,versionedRepresentations', 'id': '10001', 'self': 'https://paramjitkaurrooprai3237.atlassian.net/rest/api/3/issue/1000
Jira API Success - items: 2, total: 2, raw: {'issues': [{'expand': 'renderedFields,names,schema,operations,editmeta,changelog,versionedRepresentations', 'id': '10001', 'self': 'https://paramjitkaurrooprai3237.atlassian.net/rest/api/3/issue/1000
Jira API Success - items: 2, total: 2, raw: {'issues': [{'expand': 'renderedFields,names,schema,operations,editmeta,changelog,versionedRepresentations', 'id': '10001', 'self': 'https://paramjitkaurrooprai3237.atlassian.net/rest/api/3/issue/1000
Jira API Success - items: 2, total: 2, raw: {'issues': [{'expand': 'renderedFields,names,schema,operations,editmeta,changelog,versionedRepresentations', 'id': '10001', 'self': 'https://paramjitkaurrooprai3237.atlassian.net/rest/api/3/issue/1000
Jira API Success - items: 2, total: 2, raw: {'issues': [{'expand': 'renderedFields,names,schema,operations,editmeta,changelog,versionedRepresentations', 'id': '10001', 'self': 'https://paramjitkaurrooprai3237.atlassian.net/rest/api/3/issue/1000
Jira API Success - items: 2, total: 2, raw: {'issues': [{'expand': 'renderedFields,names,schema,operations,editmeta,changelog,versionedRepresentations', 'id': '10001', 'self': 'https://paramjitkaurrooprai3237.atlassian.net/rest/api/3/issue/1000
Jira API Success - items: 3, total: 3, raw: {'issues': [{'expand': 'renderedFields,names,schema,operations,editmeta,changelog,versionedRepresentations', 'id': '10001', 'self': 'https://paramjitkaurrooprai3237.atlassian.net/rest/api/3/issue/1000
Jira API Success - items: 2, total: 2, raw: {'issues': [{'expand': 'renderedFields,names,schema,operations,editmeta,changelog,versionedRepresentations', 'id': '10001', 'self': 'https://paramjitkaurrooprai3237.atlassian.net/rest/api/3/issue/1000
Jira API Success - items: 1, total: 1, raw: {'issues': [{'expand': 'renderedFields,names,schema,operations,editmeta,changelog,versionedRepresentations', 'id': '10004', 'self': 'https://paramjitkaurrooprai3237.atlassian.net/rest/api/3/issue/1000
Jira API Success - items: 3, total: 3, raw: {'issues': [{'expand': 'renderedFields,names,schema,operations,editmeta,changelog,versionedRepresentations', 'id': '10001', 'self': 'https://paramjitkaurrooprai3237.atlassian.net/rest/api/3/issue/1000
Jira API Success - items: 3, total: 3, raw: {'issues': [{'expand': 'renderedFields,names,schema,operations,editmeta,changelog,versionedRepresentations', 'id': '10001', 'self': 'https://paramjitkaurrooprai3237.atlassian.net/rest/api/3/issue/1000
Jira API Success - items: 3, total: 3, raw: {'issues': [{'expand': 'renderedFields,names,schema,operations,editmeta,changelog,versionedRepresentations', 'id': '10001', 'self': 'https://paramjitkaurrooprai3237.atlassian.net/rest/api/3/issue/1000
Jira API Success - items: 4, total: 4, raw: {'issues': [{'expand': 'renderedFields,names,schema,operations,editmeta,changelog,versionedRepresentations', 'id': '10006', 'self': 'https://paramjitkaurrooprai3237.atlassian.net/rest/api/3/issue/1000
Jira API Success - items: 4, total: 4, raw: {'issues': [{'expand': 'renderedFields,names,schema,operations,editmeta,changelog,versionedRepresentations', 'id': '10006', 'self': 'https://paramjitkaurrooprai3237.atlassian.net/rest/api/3/issue/1000
Jira API Success - items: 3, total: 3, raw: {'issues': [{'expand': 'renderedFields,names,schema,operations,editmeta,changelog,versionedRepresentations', 'id': '10006', 'self': 'https://paramjitkaurrooprai3237.atlassian.net/rest/api/3/issue/1000
Jira API Success - items: 4, total: 4, raw: {'issues': [{'expand': 'renderedFields,names,schema,operations,editmeta,changelog,versionedRepresentations', 'id': '10006', 'self': 'https://paramjitkaurrooprai3237.atlassian.net/rest/api/3/issue/1000
Jira API Success - items: 3, total: 3, raw: {'issues': [{'expand': 'renderedFields,names,schema,operations,editmeta,changelog,versionedRepresentations', 'id': '10006', 'self': 'https://paramjitkaurrooprai3237.atlassian.net/rest/api/3/issue/1000
Jira API Success - items: 3, total: 3, raw: {'issues': [{'expand': 'renderedFields,names,schema,operations,editmeta,changelog,versionedRepresentations', 'id': '10006', 'self': 'https://paramjitkaurrooprai3237.atlassian.net/rest/api/3/issue/1000
Jira API Success - items: 3, total: 3, raw: {'issues': [{'expand': 'renderedFields,names,schema,operations,editmeta,changelog,versionedRepresentations', 'id': '10006', 'self': 'https://paramjitkaurrooprai3237.atlassian.net/rest/api/3/issue/1000
Jira API Success - items: 3, total: 3, raw: {'issues': [{'expand': 'renderedFields,names,schema,operations,editmeta,changelog,versionedRepresentations', 'id': '10006', 'self': 'https://paramjitkaurrooprai3237.atlassian.net/rest/api/3/issue/1000
Jira API Success - items: 3, total: 3, raw: {'issues': [{'expand': 'renderedFields,names,schema,operations,editmeta,changelog,versionedRepresentations', 'id': '10006', 'self': 'https://paramjitkaurrooprai3237.atlassian.net/rest/api/3/issue/1000
Jira API Success - items: 3, total: 3, raw: {'issues': [{'expand': 'renderedFields,names,schema,operations,editmeta,changelog,versionedRepresentations', 'id': '10006', 'self': 'https://paramjitkaurrooprai3237.atlassian.net/rest/api/3/issue/1000
Jira API Success - items: 3, total: 3, raw: {'issues': [{'expand': 'renderedFields,names,schema,operations,editmeta,changelog,versionedRepresentations', 'id': '10006', 'self': 'https://paramjitkaurrooprai3237.atlassian.net/rest/api/3/issue/1000
Jira API Success - items: 3, total: 3, raw: {'issues': [{'expand': 'renderedFields,names,schema,operations,editmeta,changelog,versionedRepresentations', 'id': '10006', 'self': 'https://paramjitkaurrooprai3237.atlassian.net/rest/api/3/issue/1000
Jira API Success - items: 3, total: 3, raw: {'issues': [{'expand': 'renderedFields,names,schema,operations,editmeta,changelog,versionedRepresentations', 'id': '10006', 'self': 'https://paramjitkaurrooprai3237.atlassian.net/rest/api/3/issue/1000
Jira API Success - items: 3, total: 3, raw: {'issues': [{'expand': 'renderedFields,names,schema,operations,editmeta,changelog,versionedRepresentations', 'id': '10006', 'self': 'https://paramjitkaurrooprai3237.atlassian.net/rest/api/3/issue/1000
Jira API Success - items: 3, total: 3, raw: {'issues': [{'expand': 'renderedFields,names,schema,operations,editmeta,changelog,versionedRepresentations', 'id': '10006', 'self': 'https://paramjitkaurrooprai3237.atlassian.net/rest/api/3/issue/1000
Jira API Success - items: 3, total: 3, raw: {'issues': [{'expand': 'renderedFields,names,schema,operations,editmeta,changelog,versionedRepresentations', 'id': '10006', 'self': 'https://paramjitkaurrooprai3237.atlassian.net/rest/api/3/issue/1000
Jira API Success - items: 3, total: 3, raw: {'issues': [{'expand': 'renderedFields,names,schema,operations,editmeta,changelog,versionedRepresentations', 'id': '10006', 'self': 'https://paramjitkaurrooprai3237.atlassian.net/rest/api/3/issue/1000
Jira API Success - items: 3, total: 3, raw: {'issues': [{'expand': 'renderedFields,names,schema,operations,editmeta,changelog,versionedRepresentations', 'id': '10006', 'self': 'https://paramjitkaurrooprai3237.atlassian.net/rest/api/3/issue/1000
Jira API Success - items: 3, total: 3, raw: {'issues': [{'expand': 'renderedFields,names,schema,operations,editmeta,changelog,versionedRepresentations', 'id': '10006', 'self': 'https://paramjitkaurrooprai3237.atlassian.net/rest/api/3/issue/1000
Jira API Success - items: 3, total: 3, raw: {'issues': [{'expand': 'renderedFields,names,schema,operations,editmeta,changelog,versionedRepresentations', 'id': '10006', 'self': 'https://paramjitkaurrooprai3237.atlassian.net/rest/api/3/issue/1000
Jira API Success - items: 3, total: 3, raw: {'issues': [{'expand': 'renderedFields,names,schema,operations,editmeta,changelog,versionedRepresentations', 'id': '10006', 'self': 'https://paramjitkaurrooprai3237.atlassian.net/rest/api/3/issue/1000
Jira API Error 403: <!DOCTYPE HTML PUBLIC "-//W3C//DTD HTML 4.01 Transitional//EN" "http://www.w3.org/TR/html4/loose.dtd">
<HTML><HEAD><META HTTP-EQUIV="Content-Type" CONTENT="text/html; charset=iso-8859-1">
<TITLE>ERROR: The request could not be satisfied</TITLE>
</HEAD><BODY>
<H1>403 ERROR</H1>
<H2>The request could not be satisfied.</H2>
<HR noshade size="1px">
This distribution is not configured to allow the HTTP request method that was used for this request. The distribution supports only cachable requests.
We can't connect to the server for this app or website at this time. There might be too much traffic or a configuration error. Try again later, or contact the app or website owner.
<BR clear="all">
If you provide content to customers through CloudFront, you can find steps to troubleshoot and help prevent this error by reviewing the CloudFront documentation.
<BR clear="all">
<HR noshade size="1px">
<PRE>
Generated by cloudfront (CloudFront)
Request ID: kAfPsKT-0G9P67DF2vdilJpgDDOZKEPPHgsKNuubboADfmgfvRVPrA==
</PRE>
<ADDRESS>
</ADDRESS>
</BODY></HTML>
Jira API Success - items: 3, total: 3, raw: {'issues': [{'expand': 'renderedFields,names,schema,operations,editmeta,changelog,versionedRepresentations', 'id': '10006', 'self': 'https://paramjitkaurrooprai3237.atlassian.net/rest/api/3/issue/1000
Jira API Success - items: 4, total: 4, raw: {'issues': [{'expand': 'renderedFields,names,schema,operations,editmeta,changelog,versionedRepresentations', 'id': '10006', 'self': 'https://paramjitkaurrooprai3237.atlassian.net/rest/api/3/issue/1000
Jira API Success - items: 3, total: 3, raw: {'issues': [{'expand': 'renderedFields,names,schema,operations,editmeta,changelog,versionedRepresentations', 'id': '10006', 'self': 'https://paramjitkaurrooprai3237.atlassian.net/rest/api/3/issue/1000
Jira API Success - items: 3, total: 3, raw: {'issues': [{'expand': 'renderedFields,names,schema,operations,editmeta,changelog,versionedRepresentations', 'id': '10006', 'self': 'https://paramjitkaurrooprai3237.atlassian.net/rest/api/3/issue/1000
Jira API Success - items: 3, total: 3, raw: {'issues': [{'expand': 'renderedFields,names,schema,operations,editmeta,changelog,versionedRepresentations', 'id': '10006', 'self': 'https://paramjitkaurrooprai3237.atlassian.net/rest/api/3/issue/1000
Jira API Success - items: 3, total: 3, raw: {'issues': [{'expand': 'renderedFields,names,schema,operations,editmeta,changelog,versionedRepresentations', 'id': '10006', 'self': 'https://paramjitkaurrooprai3237.atlassian.net/rest/api/3/issue/1000
Jira API Success - items: 4, total: 4, raw: {'issues': [{'expand': 'renderedFields,names,schema,operations,editmeta,changelog,versionedRepresentations', 'id': '10006', 'self': 'https://paramjitkaurrooprai3237.atlassian.net/rest/api/3/issue/1000
Jira API Success - items: 3, total: 3, raw: {'issues': [{'expand': 'renderedFields,names,schema,operations,editmeta,changelog,versionedRepresentations', 'id': '10006', 'self': 'https://paramjitkaurrooprai3237.atlassian.net/rest/api/3/issue/1000
Jira API Success - items: 4, total: 4, raw: {'issues': [{'expand': 'renderedFields,names,schema,operations,editmeta,changelog,versionedRepresentations', 'id': '10006', 'self': 'https://paramjitkaurrooprai3237.atlassian.net/rest/api/3/issue/1000
Jira API Success - items: 3, total: 3, raw: {'issues': [{'expand': 'renderedFields,names,schema,operations,editmeta,changelog,versionedRepresentations', 'id': '10006', 'self': 'https://paramjitkaurrooprai3237.atlassian.net/rest/api/3/issue/1000
Jira API Success - items: 4, total: 4, raw: {'issues': [{'expand': 'renderedFields,names,schema,operations,editmeta,changelog,versionedRepresentations', 'id': '10006', 'self': 'https://paramjitkaurrooprai3237.atlassian.net/rest/api/3/issue/1000
Jira API Success - items: 3, total: 3, raw: {'issues': [{'expand': 'renderedFields,names,schema,operations,editmeta,changelog,versionedRepresentations', 'id': '10006', 'self': 'https://paramjitkaurrooprai3237.atlassian.net/rest/api/3/issue/1000
Jira API Success - items: 3, total: 3, raw: {'issues': [{'expand': 'renderedFields,names,schema,operations,editmeta,changelog,versionedRepresentations', 'id': '10006', 'self': 'https://paramjitkaurrooprai3237.atlassian.net/rest/api/3/issue/1000
Jira API Success - items: 4, total: 4, raw: {'issues': [{'expand': 'renderedFields,names,schema,operations,editmeta,changelog,versionedRepresentations', 'id': '10006', 'self': 'https://paramjitkaurrooprai3237.atlassian.net/rest/api/3/issue/1000
Jira API Success - items: 3, total: 3, raw: {'issues': [{'expand': 'renderedFields,names,schema,operations,editmeta,changelog,versionedRepresentations', 'id': '10006', 'self': 'https://paramjitkaurrooprai3237.atlassian.net/rest/api/3/issue/1000
Jira API Success - items: 4, total: 4, raw: {'issues': [{'expand': 'renderedFields,names,schema,operations,editmeta,changelog,versionedRepresentations', 'id': '10006', 'self': 'https://paramjitkaurrooprai3237.atlassian.net/rest/api/3/issue/1000
Jira API Success - items: 3, total: 3, raw: {'issues': [{'expand': 'renderedFields,names,schema,operations,editmeta,changelog,versionedRepresentations', 'id': '10006', 'self': 'https://paramjitkaurrooprai3237.atlassian.net/rest/api/3/issue/1000
Jira API Success - items: 4, total: 4, raw: {'issues': [{'expand': 'renderedFields,names,schema,operations,editmeta,changelog,versionedRepresentations', 'id': '10007', 'self': 'https://paramjitkaurrooprai3237.atlassian.net/rest/api/3/issue/1000
